\BOOKMARK [1][-]{section.1}{\376\377\000I\000n\000t\000r\000o\000d\000u\000c\000t\000i\000o\000n}{}% 1
\BOOKMARK [1][-]{section.2}{\376\377\000A\000r\000c\000h\000i\000t\000e\000c\000t\000u\000r\000e\000\040\000e\000t\000\040\000A\000P\000I\000\040\000d\000u\000\040\000v\000H\000P\000U}{}% 2
\BOOKMARK [2][-]{subsection.2.1}{\376\377\000A\000P\000I\000\040\000e\000t\000\040\000P\000s\000e\000u\000d\000o\000-\000A\000l\000g\000o\000r\000i\000t\000h\000m\000e}{section.2}% 3
\BOOKMARK [1][-]{section.3}{\376\377\000C\000e\000r\000t\000i\000f\000i\000c\000a\000t\000i\000o\000n\000\040\000F\000o\000r\000m\000e\000l\000l\000e\000\040\000L\000e\000a\000n\000\040\0004\000\040\000\050\000Z\000e\000r\000o\000-\000S\000o\000r\000r\000y\000\040\000K\000e\000r\000n\000e\000l\000\051}{}% 4
\BOOKMARK [1][-]{section.4}{\376\377\000R\000\351\000s\000u\000l\000t\000a\000t\000s\000\040\000E\000x\000p\000\351\000r\000i\000m\000e\000n\000t\000a\000u\000x\000\040\000:\000\040\0001\0005\000\040\000D\000o\000m\000a\000i\000n\000e\000s\000\040\000P\000h\000y\000s\000i\000q\000u\000e\000s}{}% 5
\BOOKMARK [2][-]{subsection.4.1}{\376\377\000D\000o\000m\000a\000i\000n\000e\000\040\0001\000\040\000:\000\040\000O\000s\000c\000i\000l\000l\000a\000t\000e\000u\000r\000\040\000R\000e\000s\000s\000o\000r\000t\000\040\000\050\0001\000D\000\051}{section.4}% 6
\BOOKMARK [2][-]{subsection.4.2}{\376\377\000D\000o\000m\000a\000i\000n\000e\000\040\0002\000\040\000:\000\040\000G\000r\000a\000v\000i\000t\000a\000t\000i\000o\000n\000\040\000N\000-\000C\000o\000r\000p\000s\000\040\000\050\0003\000-\000B\000o\000d\000y\000\051}{section.4}% 7
\BOOKMARK [2][-]{subsection.4.3}{\376\377\000D\000o\000m\000a\000i\000n\000e\000\040\0003\000\040\000:\000\040\000\311\000l\000e\000c\000t\000r\000o\000m\000a\000g\000n\000\351\000t\000i\000s\000m\000e\000\040\000d\000e\000\040\000L\000o\000r\000e\000n\000t\000z}{section.4}% 8
\BOOKMARK [2][-]{subsection.4.4}{\376\377\000D\000o\000m\000a\000i\000n\000e\000\040\0004\000\040\000:\000\040\000P\000e\000n\000d\000u\000l\000e\000\040\000D\000o\000u\000b\000l\000e\000\040\000\050\000C\000h\000a\000o\000s\000\051}{section.4}% 9
\BOOKMARK [2][-]{subsection.4.5}{\376\377\000D\000o\000m\000a\000i\000n\000e\000\040\0005\000\040\000:\000\040\000G\000a\000z\000\040\000d\000e\000\040\000M\000a\000x\000w\000e\000l\000l\000-\000B\000o\000l\000t\000z\000m\000a\000n\000n}{section.4}% 10
\BOOKMARK [2][-]{subsection.4.6}{\376\377\000D\000o\000m\000a\000i\000n\000e\000\040\0006\000\040\000:\000\040\000\311\000q\000u\000a\000t\000i\000o\000n\000\040\000d\000e\000\040\000S\000c\000h\000r\000\366\000d\000i\000n\000g\000e\000r\000\040\000\050\0001\000D\000\040\000Q\000M\000\051}{section.4}% 11
\BOOKMARK [2][-]{subsection.4.7}{\376\377\000D\000o\000m\000a\000i\000n\000e\000\040\0007\000\040\000:\000\040\000C\000h\000o\000c\000\040\000d\000e\000\040\000B\000u\000r\000g\000e\000r\000s}{section.4}% 12
\BOOKMARK [2][-]{subsection.4.8}{\376\377\000D\000o\000m\000a\000i\000n\000e\000\040\0008\000\040\000:\000\040\000O\000s\000c\000i\000l\000l\000a\000t\000e\000u\000r\000\040\000R\000e\000l\000a\000t\000i\000v\000i\000s\000t\000e}{section.4}% 13
\BOOKMARK [2][-]{subsection.4.9}{\376\377\000D\000o\000m\000a\000i\000n\000e\000\040\0009\000\040\000:\000\040\000O\000n\000d\000e\000\040\000d\000e\000\040\000D\000'\000A\000l\000e\000m\000b\000e\000r\000t}{section.4}% 14
\BOOKMARK [2][-]{subsection.4.10}{\376\377\000D\000o\000m\000a\000i\000n\000e\000\040\0001\0000\000\040\000:\000\040\000C\000o\000s\000m\000o\000l\000o\000g\000i\000e\000\040\000F\000L\000R\000W}{section.4}% 15
\BOOKMARK [2][-]{subsection.4.11}{\376\377\000D\000o\000m\000a\000i\000n\000e\000\040\0001\0001\000\040\000:\000\040\000D\000y\000n\000a\000m\000i\000q\000u\000e\000\040\000M\000o\000l\000\351\000c\000u\000l\000a\000i\000r\000e\000\040\000M\000D\0001\0007}{section.4}% 16
\BOOKMARK [2][-]{subsection.4.12}{\376\377\000D\000o\000m\000a\000i\000n\000e\000\040\0001\0002\000\040\000:\000\040\000C\000h\000i\000m\000i\000e\000\040\000Q\000u\000a\000n\000t\000i\000q\000u\000e\000\040\000Q\000M\0009}{section.4}% 17
\BOOKMARK [2][-]{subsection.4.13}{\376\377\000D\000o\000m\000a\000i\000n\000e\000\040\0001\0003\000\040\000:\000\040\000\311\000c\000o\000u\000l\000e\000m\000e\000n\000t\000\040\000d\000e\000\040\000D\000a\000r\000c\000y\000\040\0002\000D}{section.4}% 18
\BOOKMARK [2][-]{subsection.4.14}{\376\377\000D\000o\000m\000a\000i\000n\000e\000\040\0001\0004\000\040\000:\000\040\000F\000l\000u\000i\000d\000e\000\040\000N\000a\000v\000i\000e\000r\000-\000S\000t\000o\000k\000e\000s\000\040\0002\000D}{section.4}% 19
\BOOKMARK [2][-]{subsection.4.15}{\376\377\000D\000o\000m\000a\000i\000n\000e\000\040\0001\0005\000\040\000:\000\040\000P\000l\000a\000s\000m\000a\000\040\000M\000H\000D}{section.4}% 20
\BOOKMARK [1][-]{section.5}{\376\377\000C\000o\000n\000c\000l\000u\000s\000i\000o\000n}{}% 21
