{"synthetic": false,
 "schemaVersion": "2025-09-10",
 "outputs":
 {"o": ["0708ee6b0d1d8ef2.olean"],
  "m": false,
  "i": "0184fc4362f2a991.ilean",
  "c": "3a10918a4c340fae.c"},
 "log":
 [{"message":
   ".> LEAN_PATH=/home/xavkal/xdev/SocrateAI-Scientific-TNN-UniversModel/SocrateAI-Scientific-TNN-UniversModel/lean4/.lake/packages/Cli/.lake/build/lib/lean:/home/xavkal/xdev/SocrateAI-Scientific-TNN-UniversModel/SocrateAI-Scientific-TNN-UniversModel/lean4/.lake/packages/batteries/.lake/build/lib/lean:/home/xavkal/xdev/SocrateAI-Scientific-TNN-UniversModel/SocrateAI-Scientific-TNN-UniversModel/lean4/.lake/packages/Qq/.lake/build/lib/lean:/home/xavkal/xdev/SocrateAI-Scientific-TNN-UniversModel/SocrateAI-Scientific-TNN-UniversModel/lean4/.lake/packages/aesop/.lake/build/lib/lean:/home/xavkal/xdev/SocrateAI-Scientific-TNN-UniversModel/SocrateAI-Scientific-TNN-UniversModel/lean4/.lake/packages/proofwidgets/.lake/build/lib/lean:/home/xavkal/xdev/SocrateAI-Scientific-TNN-UniversModel/SocrateAI-Scientific-TNN-UniversModel/lean4/.lake/packages/importGraph/.lake/build/lib/lean:/home/xavkal/xdev/SocrateAI-Scientific-TNN-UniversModel/SocrateAI-Scientific-TNN-UniversModel/lean4/.lake/packages/LeanSearchClient/.lake/build/lib/lean:/home/xavkal/xdev/SocrateAI-Scientific-TNN-UniversModel/SocrateAI-Scientific-TNN-UniversModel/lean4/.lake/packages/plausible/.lake/build/lib/lean:/home/xavkal/xdev/SocrateAI-Scientific-TNN-UniversModel/SocrateAI-Scientific-TNN-UniversModel/lean4/.lake/packages/mathlib/.lake/build/lib/lean:/home/xavkal/xdev/SocrateAI-Scientific-TNN-UniversModel/SocrateAI-Scientific-TNN-UniversModel/lean4/.lake/build/lib/lean /home/xavkal/.elan/toolchains/leanprover--lean4---v4.34.0-rc2/bin/lean /home/xavkal/xdev/SocrateAI-Scientific-TNN-UniversModel/SocrateAI-Scientific-TNN-UniversModel/lean4/HoloEngine.lean -o /home/xavkal/xdev/SocrateAI-Scientific-TNN-UniversModel/SocrateAI-Scientific-TNN-UniversModel/lean4/.lake/build/lib/lean/HoloEngine.olean -i /home/xavkal/xdev/SocrateAI-Scientific-TNN-UniversModel/SocrateAI-Scientific-TNN-UniversModel/lean4/.lake/build/lib/lean/HoloEngine.ilean -c /home/xavkal/xdev/SocrateAI-Scientific-TNN-UniversModel/SocrateAI-Scientific-TNN-UniversModel/lean4/.lake/build/ir/HoloEngine.c --setup /home/xavkal/xdev/SocrateAI-Scientific-TNN-UniversModel/SocrateAI-Scientific-TNN-UniversModel/lean4/.lake/build/ir/HoloEngine.setup.json --json",
   "level": "trace"}],
 "inputs":
 [["deps",
   [["HoloEngine/HoloEngine:extraDep",
     [["@HoloEngine:extraDep", "00000000000006bb"]]],
    ["imports",
     [["HoloEngine.DualScale transitive imports (legacy)", "d26e41906bfff9ff"],
      ["HoloEngine.DualScale:importAllArts", "a73b19d0a706f483"],
      ["HoloEngine.TopoStability transitive imports (legacy)",
       "d26e41906bfff9ff"],
      ["HoloEngine.TopoStability:importAllArts", "bd7a6e10568c3edf"],
      ["HoloEngine.FourierStateZ3 transitive imports (legacy)",
       "c162623f836a98e8"],
      ["HoloEngine.FourierStateZ3:importAllArts", "e10a06dccb962e53"],
      ["HoloEngine.PenroseFormalism transitive imports (legacy)",
       "d26e41906bfff9ff"],
      ["HoloEngine.PenroseFormalism:importAllArts", "46e090497c6588de"]]]]],
  ["libs",
   [["import dynlibs", "00000000000006bb"],
    ["package external libraries", "00000000000006bb"],
    ["module dynlibs", "00000000000006bb"],
    ["module plugins", "00000000000006bb"]]],
  ["Lean 4.34.0, commit 6a10ac8c22beadecabdbb0919c2b50214762f91d",
   "365244c167ac8c1d"],
  ["/home/xavkal/xdev/SocrateAI-Scientific-TNN-UniversModel/SocrateAI-Scientific-TNN-UniversModel/lean4/HoloEngine.lean",
   "16ed7fb1b3081f69"],
  ["options", [["-DautoImplicit=false", "4a85acb881fd49d0"]]],
  ["isModule: false", "feefd2a0d3a1847e"],
  ["Module.name: HoloEngine", "951e558b6821afc2"],
  ["Package.id?: (some HoloEngine)", "c1a2f8c43644a87c"],
  ["Module.leanArgs: #[]", "00000000000006bb"]],
 "depHash": "8658ec10d14a4ce4"}