{"synthetic": false,
 "schemaVersion": "2025-09-10",
 "outputs":
 {"o": ["d985180866979f08.olean"],
  "m": false,
  "i": "2c75db2d8049cbb6.ilean",
  "c": "94907cafafe1e19b.c"},
 "log":
 [{"message":
   ".> LEAN_PATH=/home/xavkal/xdev/SocrateAI-Scientific-TNN-UniversModel/SocrateAI-Scientific-TNN-UniversModel/lean4/.lake/packages/Cli/.lake/build/lib/lean:/home/xavkal/xdev/SocrateAI-Scientific-TNN-UniversModel/SocrateAI-Scientific-TNN-UniversModel/lean4/.lake/packages/batteries/.lake/build/lib/lean:/home/xavkal/xdev/SocrateAI-Scientific-TNN-UniversModel/SocrateAI-Scientific-TNN-UniversModel/lean4/.lake/packages/Qq/.lake/build/lib/lean:/home/xavkal/xdev/SocrateAI-Scientific-TNN-UniversModel/SocrateAI-Scientific-TNN-UniversModel/lean4/.lake/packages/aesop/.lake/build/lib/lean:/home/xavkal/xdev/SocrateAI-Scientific-TNN-UniversModel/SocrateAI-Scientific-TNN-UniversModel/lean4/.lake/packages/proofwidgets/.lake/build/lib/lean:/home/xavkal/xdev/SocrateAI-Scientific-TNN-UniversModel/SocrateAI-Scientific-TNN-UniversModel/lean4/.lake/packages/importGraph/.lake/build/lib/lean:/home/xavkal/xdev/SocrateAI-Scientific-TNN-UniversModel/SocrateAI-Scientific-TNN-UniversModel/lean4/.lake/packages/LeanSearchClient/.lake/build/lib/lean:/home/xavkal/xdev/SocrateAI-Scientific-TNN-UniversModel/SocrateAI-Scientific-TNN-UniversModel/lean4/.lake/packages/plausible/.lake/build/lib/lean:/home/xavkal/xdev/SocrateAI-Scientific-TNN-UniversModel/SocrateAI-Scientific-TNN-UniversModel/lean4/.lake/packages/mathlib/.lake/build/lib/lean:/home/xavkal/xdev/SocrateAI-Scientific-TNN-UniversModel/SocrateAI-Scientific-TNN-UniversModel/lean4/.lake/build/lib/lean /home/xavkal/.elan/toolchains/leanprover--lean4---v4.34.0-rc2/bin/lean /home/xavkal/xdev/SocrateAI-Scientific-TNN-UniversModel/SocrateAI-Scientific-TNN-UniversModel/lean4/HoloEngine/DualScale.lean -o /home/xavkal/xdev/SocrateAI-Scientific-TNN-UniversModel/SocrateAI-Scientific-TNN-UniversModel/lean4/.lake/build/lib/lean/HoloEngine/DualScale.olean -i /home/xavkal/xdev/SocrateAI-Scientific-TNN-UniversModel/SocrateAI-Scientific-TNN-UniversModel/lean4/.lake/build/lib/lean/HoloEngine/DualScale.ilean -c /home/xavkal/xdev/SocrateAI-Scientific-TNN-UniversModel/SocrateAI-Scientific-TNN-UniversModel/lean4/.lake/build/ir/HoloEngine/DualScale.c --setup /home/xavkal/xdev/SocrateAI-Scientific-TNN-UniversModel/SocrateAI-Scientific-TNN-UniversModel/lean4/.lake/build/ir/HoloEngine/DualScale.setup.json --json",
   "level": "trace"},
  {"message":
   "HoloEngine/DualScale.lean:102:43: Variable name `hR` is not explicitly referenced.\n\nHint: The binding can be removed (if unused) or named `_` (if used implicitly). Alternatively, prefix the name with `_` to silence this warning:\n  [apply] _hR\n\nNote: This linter can be disabled with `set_option linter.unusedVariables false`",
   "level": "warning"},
  {"message":
   "HoloEngine/DualScale.lean:250:0: 'DualScale.HolographicLock.lock_iterate' depends on axioms: [propext]",
   "level": "info"},
  {"message":
   "HoloEngine/DualScale.lean:251:0: 'DualScale.sym2_recurrence' depends on axioms: [propext, Classical.choice, Quot.sound]",
   "level": "info"},
  {"message":
   "HoloEngine/DualScale.lean:252:0: 'DualScale.Reff_ge_sqrt' depends on axioms: [propext, Classical.choice, Quot.sound]",
   "level": "info"},
  {"message":
   "HoloEngine/DualScale.lean:253:0: 'DualScale.cascade_collapse' depends on axioms: [propext, Classical.choice, Quot.sound]",
   "level": "info"},
  {"message":
   "HoloEngine/DualScale.lean:254:0: 'DualScale.modelExists' depends on axioms: [propext, Classical.choice, Quot.sound]",
   "level": "info"}],
 "inputs":
 [["deps",
   [["HoloEngine/HoloEngine:extraDep",
     [["@HoloEngine:extraDep", "00000000000006bb"]]],
    ["imports",
     [["Mathlib transitive imports (legacy)", "cce5679dac655de5"],
      ["Mathlib:importAllArts", "103949d456fe540e"]]]]],
  ["libs",
   [["import dynlibs", "00000000000006bb"],
    ["package external libraries", "00000000000006bb"],
    ["module dynlibs", "00000000000006bb"],
    ["module plugins", "00000000000006bb"]]],
  ["Lean 4.34.0, commit 6a10ac8c22beadecabdbb0919c2b50214762f91d",
   "365244c167ac8c1d"],
  ["/home/xavkal/xdev/SocrateAI-Scientific-TNN-UniversModel/SocrateAI-Scientific-TNN-UniversModel/lean4/HoloEngine/DualScale.lean",
   "cfbd5bb4f4547fb3"],
  ["options", [["-DautoImplicit=false", "4a85acb881fd49d0"]]],
  ["isModule: false", "feefd2a0d3a1847e"],
  ["Module.name: HoloEngine.DualScale", "a83262fdfa624394"],
  ["Package.id?: (some HoloEngine)", "c1a2f8c43644a87c"],
  ["Module.leanArgs: #[]", "00000000000006bb"]],
 "depHash": "03841ee5f2f60677"}