{"synthetic": false,
 "schemaVersion": "2025-09-10",
 "outputs":
 {"o": ["debb18032a8ca94f.olean"],
  "m": false,
  "i": "1f3af72f2584c726.ilean",
  "c": "8f7877f0d33d27f7.c"},
 "log":
 [{"message":
   ".> LEAN_PATH=/home/xavkal/xdev/SocrateAI-Scientific-TNN-UniversModel/SocrateAI-Scientific-TNN-UniversModel/lean4/.lake/packages/Cli/.lake/build/lib/lean:/home/xavkal/xdev/SocrateAI-Scientific-TNN-UniversModel/SocrateAI-Scientific-TNN-UniversModel/lean4/.lake/packages/batteries/.lake/build/lib/lean:/home/xavkal/xdev/SocrateAI-Scientific-TNN-UniversModel/SocrateAI-Scientific-TNN-UniversModel/lean4/.lake/packages/Qq/.lake/build/lib/lean:/home/xavkal/xdev/SocrateAI-Scientific-TNN-UniversModel/SocrateAI-Scientific-TNN-UniversModel/lean4/.lake/packages/aesop/.lake/build/lib/lean:/home/xavkal/xdev/SocrateAI-Scientific-TNN-UniversModel/SocrateAI-Scientific-TNN-UniversModel/lean4/.lake/packages/proofwidgets/.lake/build/lib/lean:/home/xavkal/xdev/SocrateAI-Scientific-TNN-UniversModel/SocrateAI-Scientific-TNN-UniversModel/lean4/.lake/packages/importGraph/.lake/build/lib/lean:/home/xavkal/xdev/SocrateAI-Scientific-TNN-UniversModel/SocrateAI-Scientific-TNN-UniversModel/lean4/.lake/packages/LeanSearchClient/.lake/build/lib/lean:/home/xavkal/xdev/SocrateAI-Scientific-TNN-UniversModel/SocrateAI-Scientific-TNN-UniversModel/lean4/.lake/packages/plausible/.lake/build/lib/lean:/home/xavkal/xdev/SocrateAI-Scientific-TNN-UniversModel/SocrateAI-Scientific-TNN-UniversModel/lean4/.lake/packages/mathlib/.lake/build/lib/lean:/home/xavkal/xdev/SocrateAI-Scientific-TNN-UniversModel/SocrateAI-Scientific-TNN-UniversModel/lean4/.lake/build/lib/lean /home/xavkal/.elan/toolchains/leanprover--lean4---v4.34.0-rc2/bin/lean /home/xavkal/xdev/SocrateAI-Scientific-TNN-UniversModel/SocrateAI-Scientific-TNN-UniversModel/lean4/HoloEngine/FourierStateZ3.lean -o /home/xavkal/xdev/SocrateAI-Scientific-TNN-UniversModel/SocrateAI-Scientific-TNN-UniversModel/lean4/.lake/build/lib/lean/HoloEngine/FourierStateZ3.olean -i /home/xavkal/xdev/SocrateAI-Scientific-TNN-UniversModel/SocrateAI-Scientific-TNN-UniversModel/lean4/.lake/build/lib/lean/HoloEngine/FourierStateZ3.ilean -c /home/xavkal/xdev/SocrateAI-Scientific-TNN-UniversModel/SocrateAI-Scientific-TNN-UniversModel/lean4/.lake/build/ir/HoloEngine/FourierStateZ3.c --setup /home/xavkal/xdev/SocrateAI-Scientific-TNN-UniversModel/SocrateAI-Scientific-TNN-UniversModel/lean4/.lake/build/ir/HoloEngine/FourierStateZ3.setup.json --json",
   "level": "trace"},
  {"message":
   "HoloEngine/FourierStateZ3.lean:56:5: Variable name `hk` is not explicitly referenced.\n\nHint: The binding can be removed (if unused) or named `_` (if used implicitly). Alternatively, prefix the name with `_` to silence this warning:\n  [apply] _hk\n\nNote: This linter can be disabled with `set_option linter.unusedVariables false`",
   "level": "warning"},
  {"message":
   "HoloEngine/FourierStateZ3.lean:102:0: 'MechanicaFluidorum.FourierZ3.leray_projector_divergence_free' depends on axioms: [propext,\n Classical.choice,\n Quot.sound]",
   "level": "info"}],
 "inputs":
 [["deps",
   [["HoloEngine/HoloEngine:extraDep",
     [["@HoloEngine:extraDep", "00000000000006bb"]]],
    ["imports",
     [["Mathlib.Data.Complex.Basic transitive imports (legacy)",
       "28896a3b0cdd974e"],
      ["Mathlib.Data.Complex.Basic:importAllArts", "002f6b1f852c19a0"],
      ["Mathlib.Data.Real.Basic transitive imports (legacy)",
       "3a3f4e803f796e9a"],
      ["Mathlib.Data.Real.Basic:importAllArts", "2e21a70c8d685792"],
      ["Mathlib.Algebra.BigOperators.Group.Finset.Basic transitive imports (legacy)",
       "2999fddbcf48987d"],
      ["Mathlib.Algebra.BigOperators.Group.Finset.Basic:importAllArts",
       "a0f6810d72521685"],
      ["Mathlib.Algebra.BigOperators.Ring.Finset transitive imports (legacy)",
       "c390edd9ea1e3c20"],
      ["Mathlib.Algebra.BigOperators.Ring.Finset:importAllArts",
       "d747c72cdeeea3fc"]]]]],
  ["libs",
   [["import dynlibs", "00000000000006bb"],
    ["package external libraries", "00000000000006bb"],
    ["module dynlibs", "00000000000006bb"],
    ["module plugins", "00000000000006bb"]]],
  ["Lean 4.34.0, commit 6a10ac8c22beadecabdbb0919c2b50214762f91d",
   "365244c167ac8c1d"],
  ["/home/xavkal/xdev/SocrateAI-Scientific-TNN-UniversModel/SocrateAI-Scientific-TNN-UniversModel/lean4/HoloEngine/FourierStateZ3.lean",
   "ca39a8ce4acca3f0"],
  ["options", [["-DautoImplicit=false", "4a85acb881fd49d0"]]],
  ["isModule: false", "feefd2a0d3a1847e"],
  ["Module.name: HoloEngine.FourierStateZ3", "18140f9f525d4c1a"],
  ["Package.id?: (some HoloEngine)", "c1a2f8c43644a87c"],
  ["Module.leanArgs: #[]", "00000000000006bb"]],
 "depHash": "fecf8c56eca1cb2c"}