{"synthetic": false,
 "schemaVersion": "2025-09-10",
 "outputs":
 {"o": ["d9150e0acce70374.olean"],
  "m": false,
  "i": "e2cd23a7888ee60a.ilean",
  "c": "051b13d9c6bf87e8.c"},
 "log":
 [{"message":
   ".> LEAN_PATH=/home/xavkal/xdev/SocrateAI-Scientific-TNN-UniversModel/SocrateAI-Scientific-TNN-UniversModel/lean4/.lake/packages/Cli/.lake/build/lib/lean:/home/xavkal/xdev/SocrateAI-Scientific-TNN-UniversModel/SocrateAI-Scientific-TNN-UniversModel/lean4/.lake/packages/batteries/.lake/build/lib/lean:/home/xavkal/xdev/SocrateAI-Scientific-TNN-UniversModel/SocrateAI-Scientific-TNN-UniversModel/lean4/.lake/packages/Qq/.lake/build/lib/lean:/home/xavkal/xdev/SocrateAI-Scientific-TNN-UniversModel/SocrateAI-Scientific-TNN-UniversModel/lean4/.lake/packages/aesop/.lake/build/lib/lean:/home/xavkal/xdev/SocrateAI-Scientific-TNN-UniversModel/SocrateAI-Scientific-TNN-UniversModel/lean4/.lake/packages/proofwidgets/.lake/build/lib/lean:/home/xavkal/xdev/SocrateAI-Scientific-TNN-UniversModel/SocrateAI-Scientific-TNN-UniversModel/lean4/.lake/packages/importGraph/.lake/build/lib/lean:/home/xavkal/xdev/SocrateAI-Scientific-TNN-UniversModel/SocrateAI-Scientific-TNN-UniversModel/lean4/.lake/packages/LeanSearchClient/.lake/build/lib/lean:/home/xavkal/xdev/SocrateAI-Scientific-TNN-UniversModel/SocrateAI-Scientific-TNN-UniversModel/lean4/.lake/packages/plausible/.lake/build/lib/lean:/home/xavkal/xdev/SocrateAI-Scientific-TNN-UniversModel/SocrateAI-Scientific-TNN-UniversModel/lean4/.lake/packages/mathlib/.lake/build/lib/lean:/home/xavkal/xdev/SocrateAI-Scientific-TNN-UniversModel/SocrateAI-Scientific-TNN-UniversModel/lean4/.lake/build/lib/lean /home/xavkal/.elan/toolchains/leanprover--lean4---v4.34.0-rc2/bin/lean /home/xavkal/xdev/SocrateAI-Scientific-TNN-UniversModel/SocrateAI-Scientific-TNN-UniversModel/lean4/HoloEngine/Lab5.lean -o /home/xavkal/xdev/SocrateAI-Scientific-TNN-UniversModel/SocrateAI-Scientific-TNN-UniversModel/lean4/.lake/build/lib/lean/HoloEngine/Lab5.olean -i /home/xavkal/xdev/SocrateAI-Scientific-TNN-UniversModel/SocrateAI-Scientific-TNN-UniversModel/lean4/.lake/build/lib/lean/HoloEngine/Lab5.ilean -c /home/xavkal/xdev/SocrateAI-Scientific-TNN-UniversModel/SocrateAI-Scientific-TNN-UniversModel/lean4/.lake/build/ir/HoloEngine/Lab5.c --setup /home/xavkal/xdev/SocrateAI-Scientific-TNN-UniversModel/SocrateAI-Scientific-TNN-UniversModel/lean4/.lake/build/ir/HoloEngine/Lab5.setup.json --json",
   "level": "trace"}],
 "inputs":
 [["deps",
   [["HoloEngine/HoloEngine:extraDep",
     [["@HoloEngine:extraDep", "00000000000006bb"]]],
    ["imports",
     [["Mathlib transitive imports (legacy)", "cce5679dac655de5"],
      ["Mathlib:importAllArts", "103949d456fe540e"]]]]],
  ["libs",
   [["import dynlibs", "00000000000006bb"],
    ["package external libraries", "00000000000006bb"],
    ["module dynlibs", "00000000000006bb"],
    ["module plugins", "00000000000006bb"]]],
  ["Lean 4.34.0, commit 6a10ac8c22beadecabdbb0919c2b50214762f91d",
   "365244c167ac8c1d"],
  ["/home/xavkal/xdev/SocrateAI-Scientific-TNN-UniversModel/SocrateAI-Scientific-TNN-UniversModel/lean4/HoloEngine/Lab5.lean",
   "6bf2aea4ffd598c8"],
  ["options", [["-DautoImplicit=false", "4a85acb881fd49d0"]]],
  ["isModule: false", "feefd2a0d3a1847e"],
  ["Module.name: HoloEngine.Lab5", "4dfe52737347328c"],
  ["Package.id?: (some HoloEngine)", "c1a2f8c43644a87c"],
  ["Module.leanArgs: #[]", "00000000000006bb"]],
 "depHash": "615166e5561df329"}